Microchip MPLAB XC8 Compiler V2.40

Linker command line:

-W-3 \
  --edf=D:\Program Files\Microchip\xc8\v2.40\pic\dat\20220703182018_en.msgs \
  -cn -h+dist/default/production\CCP_Caputure_1778.production.sym \
  --cmf=dist/default/production\CCP_Caputure_1778.production.cmf -z \
  -Q16F1778 -oC:\Users\hirot\AppData\Local\Temp\xcAst84.4 \
  --defsym=__MPLAB_BUILD=1 --fixupoverflow=error \
  -Mdist/default/production/CCP_Caputure_1778.production.map \
  --md=C:\Users\hirot\AppData\Local\Temp\xcAst84.dat -E1 -ver=XC8 Compiler \
  --acfsm=1493 -ACODE=00h-07FFhx8 -ASTRCODE=00h-03FFFh -ASTRING=00h-0FFhx64 \
  -ACONST=00h-0FFhx64 -AENTRY=00h-0FFhx64 -ACOMMON=070h-07Fh \
  -ABANK0=020h-06Fh -ABANK1=0A0h-0EFh -ABANK2=0120h-016Fh \
  -ABANK3=01A0h-01EFh -ABANK4=0220h-026Fh -ABANK5=02A0h-02EFh \
  -ABANK6=0320h-036Fh -ABANK7=03A0h-03EFh -ABANK8=0420h-046Fh \
  -ABANK9=04A0h-04EFh -ABANK10=0520h-056Fh -ABANK11=05A0h-05EFh \
  -ABANK12=0620h-064Fh -ABANK13=06A0h-06EFh -ABANK14=0720h-076Fh \
  -ABANK15=07A0h-07EFh -ABANK16=0820h-086Fh -ABANK17=08A0h-08EFh \
  -ABANK18=0920h-096Fh -ABANK19=09A0h-09EFh -ABANK20=0A20h-0A6Fh \
  -ABANK21=0AA0h-0AEFh -ABANK22=0B20h-0B6Fh -ABANK23=0BA0h-0BEFh \
  -ABANK24=0C20h-0C6Fh -ABANK25=0CA0h-0CBFh \
  -ABIGRAM=02000h-023EFh,02410h-027EFh \
  -ARAM=020h-06Fh,0A0h-0EFh,0120h-016Fh,01A0h-01EFh,0220h-026Fh,02A0h-02EFh,0320h-036Fh,03A0h-03EFh,0420h-046Fh,04A0h-04EFh,0520h-056Fh,05A0h-05EFh,0620h-064Fh,06A0h-06EFh,0720h-076Fh,07A0h-07EFh,0820h-086Fh,08A0h-08EFh,0920h-096Fh,09A0h-09EFh,0A20h-0A6Fh,0AA0h-0AEFh,0B20h-0B6Fh,0BA0h-0BEFh,0C20h-0C6Fh,0CA0h-0CBFh \
  -AABS1=020h-07Fh,0A0h-0EFh,0120h-016Fh,01A0h-01EFh,0220h-026Fh,02A0h-02EFh,0320h-036Fh,03A0h-03EFh,0420h-046Fh,04A0h-04EFh,0520h-056Fh,05A0h-05EFh,0620h-064Fh,06A0h-06EFh,0720h-076Fh,07A0h-07EFh,0820h-086Fh,08A0h-08EFh,0920h-096Fh,09A0h-09EFh,0A20h-0A6Fh,0AA0h-0AEFh,0B20h-0B6Fh,0BA0h-0BEFh,0C20h-0C6Fh,0CA0h-0CBFh \
  -ASFR0=00h-01Fh -ASFR1=080h-09Fh -ASFR2=0100h-011Fh -ASFR3=0180h-019Fh \
  -ASFR4=0200h-021Fh -ASFR5=0280h-029Fh -ASFR6=0300h-031Fh \
  -ASFR7=0380h-039Fh -ASFR8=0400h-041Fh -ASFR9=0480h-049Fh \
  -ASFR10=0500h-051Fh -ASFR11=0580h-059Fh -ASFR12=0600h-061Fh \
  -ASFR13=0680h-069Fh -ASFR14=0700h-071Fh -ASFR15=0780h-079Fh \
  -ASFR16=0800h-081Fh -ASFR17=0880h-089Fh -ASFR18=0900h-091Fh \
  -ASFR19=0980h-099Fh -ASFR20=0A00h-0A1Fh -ASFR21=0A80h-0A9Fh \
  -ASFR22=0B00h-0B1Fh -ASFR23=0B80h-0B9Fh -ASFR24=0C00h-0C1Fh \
  -ASFR25=0C80h-0C9Fh -ASFR26=0D00h-0D6Fh -ASFR27=0D80h-0DEFh \
  -ASFR28=0E00h-0E6Fh -ASFR29=0E80h-0EEFh -ASFR30=0F00h-0F6Fh \
  -ASFR31=0F80h-0FEFh -ACONFIG=08007h-08008h -DCONFIG=2 \
  -AIDLOC=08000h-08003h -DIDLOC=2 -DCODE=2 -DSTRCODE=2 -DSTRING=2 -DCONST=2 \
  -DENTRY=2 -preset_vec=00h,intentry=04h,init,end_init -ppowerup=CODE \
  -pcinit=CODE -pfunctab=ENTRY -k \
  C:\Users\hirot\AppData\Local\Temp\xcAst84.o \
  dist/default/production\CCP_Caputure_1778.production.o 

Object code version is 3.11

Machine type is 16F1778



                Name                               Link     Load   Length Selector   Space Scale
C:\Users\hirot\AppData\Local\Temp\xcAst84.o
                end_init                             4A       4A        2        8       0
                reset_vec                             0        0        2        0       0
                config                             8007     8007        2        0       4
                idloc                              8000     8000        4        0       5
dist/default/production\CCP_Caputure_1778.production.o
                cinit                                4C       4C       1B        8       0
                intentry                              4        4       46        8       0
                config                             8007     8007        2        0       4
                idloc                              8000     8000        4        0       5
                text42                              643      643        6      C0C       0
                text41                              65A      65A        1      C0C       0
                text40                              5A3      5A3       12        8       0
                text39                              556      556       17        8       0
                text38                              659      659        1      C0C       0
                text37                              591      591       12        8       0
                text36                              527      527       18        8       0
                text35                              651      651        4      C0C       0
                text34                              658      658        1      C0C       0
                text33                              64D      64D        4      C0C       0
                text32                              415      415       39        8       0
                text31                              4D0      4D0       22        8       0
                text29                              63D      63D        6      C0C       0
                text28                              655      655        3      C0C       0
                text27                              637      637        6      C0C       0
                text26                              57F      57F       12        8       0
                text25                              631      631        6      C0C       0
                text24                              56D      56D       12        8       0
                text23                              62B      62B        6      C0C       0
                text22                              625      625        6      C0C       0
                text21                              61F      61F        6      C0C       0
                text20                              619      619        6      C0C       0
                text19                              613      613        6      C0C       0
                text18                              39B      39B       3E        8       0
                text17                              5D3      5D3        C        8       0
                text16                              3D9      3D9       3C        8       0
                text15                              53F      53F       17        8       0
                text14                              5B5      5B5       10        8       0
                text13                              649      649        4      C0C       0
                text12                              50E      50E       19        8       0
                text11                              263      263       84        8       0
                text10                              2E7      2E7       71        8       0
                text9                               483      483       28        8       0
                text8                               606      606        7      C0C       0
                text7                               358      358       43        8       0
                text6                               4AB      4AB       25        8       0
                text5                               44E      44E       35        8       0
                text4                                67       67       CB        8       0
                text3                               132      132       A2        8       0
                text2                               4F2      4F2       1C        8       0
                text1                               5C5      5C5        E        8       0
                maintext                            1D4      1D4       8F        8       0
                cstackBANK0                          20       20       4E       20       1
                cstackCOMMON                         70       70        6       70       1
                cstackBANK1                          D4       D4        4       A0       1
                clrtext                             60D      60D        6      C0C       0
                bssBANK2                            120      120       20      120       1
                bssBANK1                             A0       A0       34       A0       1
                bssBANK0                             6E       6E        2       20       1
                bssCOMMON                            76       76        4       70       1
                stringtext4                         5FD      5FD        9      BBE       0
                stringtext3                         5F4      5F4        9      BBE       0
                stringtext2                         5EA      5EA        A      BBE       0
                stringtext1                         5DF      5DF        B      BBE       0

TOTAL           Name                               Link     Load   Length     Space
        CLASS   CODE           
                end_init                             4A       4A        2         0
                cinit                                4C       4C       1B         0
                intentry                              4        4       46         0
                reset_vec                             0        0        2         0
                text42                              643      643        6         0
                text41                              65A      65A        1         0
                text40                              5A3      5A3       12         0
                text39                              556      556       17         0
                text38                              659      659        1         0
                text37                              591      591       12         0
                text36                              527      527       18         0
                text35                              651      651        4         0
                text34                              658      658        1         0
                text33                              64D      64D        4         0
                text32                              415      415       39         0
                text31                              4D0      4D0       22         0
                text29                              63D      63D        6         0
                text28                              655      655        3         0
                text27                              637      637        6         0
                text26                              57F      57F       12         0
                text25                              631      631        6         0
                text24                              56D      56D       12         0
                text23                              62B      62B        6         0
                text22                              625      625        6         0
                text21                              61F      61F        6         0
                text20                              619      619        6         0
                text19                              613      613        6         0
                text18                              39B      39B       3E         0
                text17                              5D3      5D3        C         0
                text16                              3D9      3D9       3C         0
                text15                              53F      53F       17         0
                text14                              5B5      5B5       10         0
                text13                              649      649        4         0
                text12                              50E      50E       19         0
                text11                              263      263       84         0
                text10                              2E7      2E7       71         0
                text9                               483      483       28         0
                text8                               606      606        7         0
                text7                               358      358       43         0
                text6                               4AB      4AB       25         0
                text5                               44E      44E       35         0
                text4                                67       67       CB         0
                text3                               132      132       A2         0
                text2                               4F2      4F2       1C         0
                text1                               5C5      5C5        E         0
                maintext                            1D4      1D4       8F         0
                clrtext                             60D      60D        6         0

        CLASS   STRCODE        
                stringtext4                         5FD      5FD        9         0
                stringtext3                         5F4      5F4        9         0
                stringtext2                         5EA      5EA        A         0
                stringtext1                         5DF      5DF        B         0

        CLASS   STRING         

        CLASS   CONST          

        CLASS   ENTRY          

        CLASS   COMMON         
                cstackCOMMON                         70       70        6         1
                bssCOMMON                            76       76        4         1

        CLASS   BANK0          
                cstackBANK0                          20       20       4E         1
                bssBANK0                             6E       6E        2         1

        CLASS   BANK1          
                cstackBANK1                          D4       D4        4         1
                bssBANK1                             A0       A0       34         1

        CLASS   BANK2          
                bssBANK2                            120      120       20         1

        CLASS   BANK3          

        CLASS   BANK4          

        CLASS   BANK5          

        CLASS   BANK6          

        CLASS   BANK7          

        CLASS   BANK8          

        CLASS   BANK9          

        CLASS   BANK10         

        CLASS   BANK11         

        CLASS   BANK12         

        CLASS   BANK13         

        CLASS   BANK14         

        CLASS   BANK15         

        CLASS   BANK16         

        CLASS   BANK17         

        CLASS   BANK18         

        CLASS   BANK19         

        CLASS   BANK20         

        CLASS   BANK21         

        CLASS   BANK22         

        CLASS   BANK23         

        CLASS   BANK24         

        CLASS   BANK25         

        CLASS   BIGRAM         

        CLASS   RAM            

        CLASS   ABS1           
                abs_s1                               7E       7E        2         1

        CLASS   SFR0           

        CLASS   SFR1           

        CLASS   SFR2           

        CLASS   SFR3           

        CLASS   SFR4           

        CLASS   SFR5           

        CLASS   SFR6           

        CLASS   SFR7           

        CLASS   SFR8           

        CLASS   SFR9           

        CLASS   SFR10          

        CLASS   SFR11          

        CLASS   SFR12          

        CLASS   SFR13          

        CLASS   SFR14          

        CLASS   SFR15          

        CLASS   SFR16          

        CLASS   SFR17          

        CLASS   SFR18          

        CLASS   SFR19          

        CLASS   SFR20          

        CLASS   SFR21          

        CLASS   SFR22          

        CLASS   SFR23          

        CLASS   SFR24          

        CLASS   SFR25          

        CLASS   SFR26          

        CLASS   SFR27          

        CLASS   SFR28          

        CLASS   SFR29          

        CLASS   SFR30          

        CLASS   SFR31          

        CLASS   CONFIG         
                config                             8007     8007        2         4

        CLASS   IDLOC          
                idloc                              8000     8000        4         5

        CLASS   BANK31         

        CLASS   BANK30         

        CLASS   BANK29         

        CLASS   BANK28         

        CLASS   BANK27         

        CLASS   BANK26         

        CLASS   HEAP           

        CLASS   STACK          

        CLASS   EEDATA         



SEGMENTS        Name                           Load    Length   Top    Selector   Space  Class     Delta

                reset_vec                      000000  000002  000002         0       0  CODE        2
                intentry                       000004  0005DB  0005DF         8       0  CODE        2
                cstackBANK0                    000020  000050  000070        20       1  BANK0       1
                cstackCOMMON                   000070  00000A  00007A        70       1  COMMON      1
                bssBANK1                       0000A0  000038  0000D8        A0       1  BANK1       1
                bssBANK2                       000120  000020  000140       120       1  BANK2       1
                stringtext1                    0005DF  000027  000606       BBE       0  STRCODE     2
                text8                          000606  000055  00065B       C0C       0  CODE        2


UNUSED ADDRESS RANGES

        Name                Unused          Largest block    Delta
        BANK1            000D8-000EF              18           1
        BANK10           00520-0056F              50           1
        BANK11           005A0-005EF              50           1
        BANK12           00620-0064F              30           1
        BANK13           006A0-006EF              50           1
        BANK14           00720-0076F              50           1
        BANK15           007A0-007EF              50           1
        BANK16           00820-0086F              50           1
        BANK17           008A0-008EF              50           1
        BANK18           00920-0096F              50           1
        BANK19           009A0-009EF              50           1
        BANK2            00140-0016F              30           1
        BANK20           00A20-00A6F              50           1
        BANK21           00AA0-00AEF              50           1
        BANK22           00B20-00B6F              50           1
        BANK23           00BA0-00BEF              50           1
        BANK24           00C20-00C6F              50           1
        BANK25           00CA0-00CBF              20           1
        BANK3            001A0-001EF              50           1
        BANK4            00220-0026F              50           1
        BANK5            002A0-002EF              50           1
        BANK6            00320-0036F              50           1
        BANK7            003A0-003EF              50           1
        BANK8            00420-0046F              50           1
        BANK9            004A0-004EF              50           1
        BIGRAM           02000-023EF             3F0           1
                         02410-027EF             3E0
        CODE             00002-00003               2           2
                         0065B-03FFF             800
        COMMON           0007A-0007D               4           1
        CONST            00002-00003               2           2
                         0065B-03FFF             100
        ENTRY            00002-00003               2           2
                         0065B-03FFF             100
        RAM              000D8-000EF              18           1
                         00140-0016F              30
                         001A0-001EF              50
                         00220-0026F              50
                         002A0-002EF              50
                         00320-0036F              50
                         003A0-003EF              50
                         00420-0046F              50
                         004A0-004EF              50
                         00520-0056F              50
                         005A0-005EF              50
                         00620-0064F              30
                         006A0-006EF              50
                         00720-0076F              50
                         007A0-007EF              50
                         00820-0086F              50
                         008A0-008EF              50
                         00920-0096F              50
                         009A0-009EF              50
                         00A20-00A6F              50
                         00AA0-00AEF              50
                         00B20-00B6F              50
                         00BA0-00BEF              50
                         00C20-00C6F              50
                         00CA0-00CBF              20
        SFR0             00000-0001F              20           1
        SFR1             00080-0009F              20           1
        SFR10            00500-0051F              20           1
        SFR11            00580-0059F              20           1
        SFR12            00600-0061F              20           1
        SFR13            00680-0069F              20           1
        SFR14            00700-0071F              20           1
        SFR15            00780-0079F              20           1
        SFR16            00800-0081F              20           1
        SFR17            00880-0089F              20           1
        SFR18            00900-0091F              20           1
        SFR19            00980-0099F              20           1
        SFR2             00100-0011F              20           1
        SFR20            00A00-00A1F              20           1
        SFR21            00A80-00A9F              20           1
        SFR22            00B00-00B1F              20           1
        SFR23            00B80-00B9F              20           1
        SFR24            00C00-00C1F              20           1
        SFR25            00C80-00C9F              20           1
        SFR26            00D00-00D6F              70           1
        SFR27            00D80-00DEF              70           1
        SFR28            00E00-00E6F              70           1
        SFR29            00E80-00EEF              70           1
        SFR3             00180-0019F              20           1
        SFR30            00F00-00F6F              70           1
        SFR31            00F80-00FEF              70           1
        SFR4             00200-0021F              20           1
        SFR5             00280-0029F              20           1
        SFR6             00300-0031F              20           1
        SFR7             00380-0039F              20           1
        SFR8             00400-0041F              20           1
        SFR9             00480-0049F              20           1
        STRCODE          00002-00003               2           2
                         0065B-03FFF            39A5
        STRING           00002-00003               2           2
                         0065B-03FFF             100

                                  Symbol Table

?___lodiv                                      cstackBANK0  00020
?___lomod                                      cstackBANK0  00020
?_printf                                       cstackBANK0  00069
?_vfprintf                                     cstackBANK0  00062
CCP1_CaptureISR@module                         cstackCOMMON 00072
CCP1_DefaultCallBack@capturedValue             cstackCOMMON 00070
CCP1_SetCallBack@customCallBack                cstackCOMMON 00074
CCP2_CaptureISR@module                         cstackCOMMON 00072
CCP2_DefaultCallBack@capturedValue             cstackCOMMON 00070
CCP2_SetCallBack@customCallBack                cstackCOMMON 00074
EUSART_SetErrorHandler@interruptHandler        cstackCOMMON 00074
EUSART_SetFramingErrorHandler@interruptHandler cstackCOMMON 00074
EUSART_SetOverrunErrorHandler@interruptHandler cstackCOMMON 00074
EUSART_SetRxInterruptHandler@interruptHandler  cstackCOMMON 00074
EUSART_SetTxInterruptHandler@interruptHandler  cstackCOMMON 00074
EUSART_Write@txData                            cstackCOMMON 00075
Falling_interrupt@falling_value                cstackCOMMON 00070
PWM11_DutyCycleSet@dutyCycleCount              cstackCOMMON 00074
Rising_interrupt@rising_value                  cstackCOMMON 00070
_ANSELA                                        (abs)        0018C
_ANSELB                                        (abs)        0018D
_ANSELC                                        (abs)        0018E
_BAUD1CON                                      (abs)        0019F
_BORCON                                        (abs)        0009D
_CCP1CAP                                       (abs)        00294
_CCP1CON                                       (abs)        00293
_CCP1PPS                                       (abs)        00E19
_CCP1_CallBack                                 bssBANK1     000BE
_CCP1_CaptureISR                               text40       005A3
_CCP1_DefaultCallBack                          text41       0065A
_CCP1_Initialize                               text26       0057F
_CCP1_SetCallBack                              text27       00637
_CCP2CAP                                       (abs)        00298
_CCP2CON                                       (abs)        00297
_CCP2PPS                                       (abs)        00E1A
_CCP2_CallBack                                 bssBANK1     000BC
_CCP2_CaptureISR                               text37       00591
_CCP2_DefaultCallBack                          text38       00659
_CCP2_Initialize                               text24       0056D
_CCP2_SetCallBack                              text25       00631
_CCPR1H                                        (abs)        00292
_CCPR1L                                        (abs)        00291
_CCPR2H                                        (abs)        00296
_CCPR2L                                        (abs)        00295
_EUSART_DefaultErrorHandler                    text35       00651
_EUSART_DefaultFramingErrorHandler             text34       00658
_EUSART_DefaultOverrunErrorHandler             text33       0064D
_EUSART_ErrorHandler                           bssBANK1     000C8
_EUSART_FramingErrorHandler                    bssBANK1     000CC
_EUSART_Initialize                             text18       0039B
_EUSART_OverrunErrorHandler                    bssBANK1     000CA
_EUSART_Receive_ISR                            text32       00415
_EUSART_RxDataHandler                          text36       00527
_EUSART_RxDefaultInterruptHandler              bssBANK1     000CE
_EUSART_SetErrorHandler                        text23       0062B
_EUSART_SetFramingErrorHandler                 text22       00625
_EUSART_SetOverrunErrorHandler                 text21       0061F
_EUSART_SetRxInterruptHandler                  text20       00619
_EUSART_SetTxInterruptHandler                  text19       00613
_EUSART_Transmit_ISR                           text31       004D0
_EUSART_TxDefaultInterruptHandler              bssBANK1     000D0
_EUSART_Write                                  text9        00483
_Falling_interrupt                             text39       00556
_INLVLA                                        (abs)        0038C
_INLVLB                                        (abs)        0038D
_INLVLC                                        (abs)        0038E
_INTCONbits                                    (abs)        0000B
_INTERRUPT_InterruptManager                    intentry     00004
_LATA                                          (abs)        0010C
_LATB                                          (abs)        0010D
_LATC                                          (abs)        0010E
_ODCONA                                        (abs)        0028C
_ODCONB                                        (abs)        0028D
_ODCONC                                        (abs)        0028E
_OPTION_REGbits                                (abs)        00097
_OSCCON                                        (abs)        0009B
_OSCILLATOR_Initialize                         text17       005D3
_OSCSTAT                                       (abs)        0009C
_OSCTUNE                                       (abs)        0009A
_PIE1bits                                      (abs)        00091
_PIE2bits                                      (abs)        00092
_PIN_MANAGER_Initialize                        text16       003D9
_PIR1bits                                      (abs)        00011
_PIR2bits                                      (abs)        00012
_PLLR                                          (abs)        004E6
_PWM11CLKCON                                   (abs)        00DBE
_PWM11CON                                      (abs)        00DBB
_PWM11CONbits                                  (abs)        00DBB
_PWM11DCH                                      (abs)        00DB4
_PWM11DCL                                      (abs)        00DB3
_PWM11INTE                                     (abs)        00DBC
_PWM11INTF                                     (abs)        00DBD
_PWM11INTFbits                                 (abs)        00DBD
_PWM11LDCON                                    (abs)        00DBF
_PWM11LDCONbits                                (abs)        00DBF
_PWM11OFCON                                    (abs)        00DC0
_PWM11OFH                                      (abs)        00DB8
_PWM11OFL                                      (abs)        00DB7
_PWM11PHH                                      (abs)        00DB2
_PWM11PHL                                      (abs)        00DB1
_PWM11PRH                                      (abs)        00DB6
_PWM11PRL                                      (abs)        00DB5
_PWM11TMRH                                     (abs)        00DBA
_PWM11TMRL                                     (abs)        00DB9
_PWM11_DutyCycleSet                            text29       0063D
_PWM11_Initialize                              text15       0053F
_PWM11_LoadBufferSet                           text28       00655
_RB2PPS                                        (abs)        00E9A
_RC1REG                                        (abs)        00199
_RC1STA                                        (abs)        0019D
_RC1STAbits                                    (abs)        0019D
_RC4PPS                                        (abs)        00EA4
_RXPPS                                         (abs)        00E3D
_Rising_interrupt                              text42       00643
_SLRCONA                                       (abs)        0030C
_SLRCONB                                       (abs)        0030D
_SLRCONC                                       (abs)        0030E
_SP1BRGH                                       (abs)        0019C
_SP1BRGL                                       (abs)        0019B
_SYSTEM_Initialize                             text12       0050E
_T1CON                                         (abs)        0001A
_T1CONbits                                     (abs)        0001A
_T1GCON                                        (abs)        0001B
_T1GCONbits                                    (abs)        0001B
_TMR1H                                         (abs)        00019
_TMR1L                                         (abs)        00018
_TMR1_Initialize                               text14       005B5
_TRISA                                         (abs)        0008C
_TRISB                                         (abs)        0008D
_TRISC                                         (abs)        0008E
_TRISE                                         (abs)        00090
_TX1REG                                        (abs)        0019A
_TX1STA                                        (abs)        0019E
_TX1STAbits                                    (abs)        0019E
_WDTCON                                        (abs)        00099
_WDT_Initialize                                text13       00649
_WPUA                                          (abs)        0020C
_WPUB                                          (abs)        0020D
_WPUC                                          (abs)        0020E
_WPUE                                          (abs)        00210
__Habs1                                        abs1         00000
__Hbank0                                       bank0        00000
__Hbank1                                       bank1        00000
__Hbank10                                      bank10       00000
__Hbank11                                      bank11       00000
__Hbank12                                      bank12       00000
__Hbank13                                      bank13       00000
__Hbank14                                      bank14       00000
__Hbank15                                      bank15       00000
__Hbank16                                      bank16       00000
__Hbank17                                      bank17       00000
__Hbank18                                      bank18       00000
__Hbank19                                      bank19       00000
__Hbank2                                       bank2        00000
__Hbank20                                      bank20       00000
__Hbank21                                      bank21       00000
__Hbank22                                      bank22       00000
__Hbank23                                      bank23       00000
__Hbank24                                      bank24       00000
__Hbank25                                      bank25       00000
__Hbank26                                      bank26       00000
__Hbank27                                      bank27       00000
__Hbank28                                      bank28       00000
__Hbank29                                      bank29       00000
__Hbank3                                       bank3        00000
__Hbank30                                      bank30       00000
__Hbank31                                      bank31       00000
__Hbank4                                       bank4        00000
__Hbank5                                       bank5        00000
__Hbank6                                       bank6        00000
__Hbank7                                       bank7        00000
__Hbank8                                       bank8        00000
__Hbank9                                       bank9        00000
__Hbigram                                      bigram       00000
__HbssBANK0                                    bssBANK0     00000
__HbssBANK1                                    bssBANK1     00000
__HbssBANK2                                    bssBANK2     00000
__HbssCOMMON                                   bssCOMMON    00000
__Hcinit                                       cinit        00067
__Hclrtext                                     clrtext      00000
__Hcode                                        code         00000
__Hcommon                                      common       00000
__Hconfig                                      config       08009
__HcstackBANK0                                 cstackBANK0  00000
__HcstackBANK1                                 cstackBANK1  00000
__HcstackCOMMON                                cstackCOMMON 00000
__Heeprom_data                                 eeprom_data  00000
__Hend_init                                    end_init     0004C
__Hfunctab                                     functab      00000
__Hheap                                        heap         00000
__Hidloc                                       idloc        08004
__Hinit                                        init         0004A
__Hintentry                                    intentry     0004A
__Hmaintext                                    maintext     00000
__Hpowerup                                     powerup      00000
__Hram                                         ram          00000
__Hreset_vec                                   reset_vec    00002
__Hsfr0                                        sfr0         00000
__Hsfr1                                        sfr1         00000
__Hsfr10                                       sfr10        00000
__Hsfr11                                       sfr11        00000
__Hsfr12                                       sfr12        00000
__Hsfr13                                       sfr13        00000
__Hsfr14                                       sfr14        00000
__Hsfr15                                       sfr15        00000
__Hsfr16                                       sfr16        00000
__Hsfr17                                       sfr17        00000
__Hsfr18                                       sfr18        00000
__Hsfr19                                       sfr19        00000
__Hsfr2                                        sfr2         00000
__Hsfr20                                       sfr20        00000
__Hsfr21                                       sfr21        00000
__Hsfr22                                       sfr22        00000
__Hsfr23                                       sfr23        00000
__Hsfr24                                       sfr24        00000
__Hsfr25                                       sfr25        00000
__Hsfr26                                       sfr26        00000
__Hsfr27                                       sfr27        00000
__Hsfr28                                       sfr28        00000
__Hsfr29                                       sfr29        00000
__Hsfr3                                        sfr3         00000
__Hsfr30                                       sfr30        00000
__Hsfr31                                       sfr31        00000
__Hsfr4                                        sfr4         00000
__Hsfr5                                        sfr5         00000
__Hsfr6                                        sfr6         00000
__Hsfr7                                        sfr7         00000
__Hsfr8                                        sfr8         00000
__Hsfr9                                        sfr9         00000
__Hspace_0                                     (abs)        0065B
__Hspace_1                                     (abs)        00140
__Hspace_2                                     (abs)        00000
__Hspace_3                                     (abs)        00000
__Hspace_4                                     (abs)        10010
__Hstack                                       stack        00000
__Hstrings                                     strings      00000
__Hstringtext1                                 stringtext1  00000
__Hstringtext2                                 stringtext2  00000
__Hstringtext3                                 stringtext3  00000
__Hstringtext4                                 stringtext4  00000
__Hstringtext5                                 stringtext5  00000
__Htext                                        text         00000
__Labs1                                        abs1         00000
__Lbank0                                       bank0        00000
__Lbank1                                       bank1        00000
__Lbank10                                      bank10       00000
__Lbank11                                      bank11       00000
__Lbank12                                      bank12       00000
__Lbank13                                      bank13       00000
__Lbank14                                      bank14       00000
__Lbank15                                      bank15       00000
__Lbank16                                      bank16       00000
__Lbank17                                      bank17       00000
__Lbank18                                      bank18       00000
__Lbank19                                      bank19       00000
__Lbank2                                       bank2        00000
__Lbank20                                      bank20       00000
__Lbank21                                      bank21       00000
__Lbank22                                      bank22       00000
__Lbank23                                      bank23       00000
__Lbank24                                      bank24       00000
__Lbank25                                      bank25       00000
__Lbank26                                      bank26       00000
__Lbank27                                      bank27       00000
__Lbank28                                      bank28       00000
__Lbank29                                      bank29       00000
__Lbank3                                       bank3        00000
__Lbank30                                      bank30       00000
__Lbank31                                      bank31       00000
__Lbank4                                       bank4        00000
__Lbank5                                       bank5        00000
__Lbank6                                       bank6        00000
__Lbank7                                       bank7        00000
__Lbank8                                       bank8        00000
__Lbank9                                       bank9        00000
__Lbigram                                      bigram       00000
__LbssBANK0                                    bssBANK0     00000
__LbssBANK1                                    bssBANK1     00000
__LbssBANK2                                    bssBANK2     00000
__LbssCOMMON                                   bssCOMMON    00000
__Lcinit                                       cinit        0004C
__Lclrtext                                     clrtext      00000
__Lcode                                        code         00000
__Lcommon                                      common       00000
__Lconfig                                      config       00000
__LcstackBANK0                                 cstackBANK0  00000
__LcstackBANK1                                 cstackBANK1  00000
__LcstackCOMMON                                cstackCOMMON 00000
__Leeprom_data                                 eeprom_data  00000
__Lend_init                                    end_init     0004A
__Lfunctab                                     functab      00000
__Lheap                                        heap         00000
__Lidloc                                       idloc        00000
__Linit                                        init         0004A
__Lintentry                                    intentry     00004
__Lmaintext                                    maintext     00000
__Lpowerup                                     powerup      00000
__Lram                                         ram          00000
__Lreset_vec                                   reset_vec    00000
__Lsfr0                                        sfr0         00000
__Lsfr1                                        sfr1         00000
__Lsfr10                                       sfr10        00000
__Lsfr11                                       sfr11        00000
__Lsfr12                                       sfr12        00000
__Lsfr13                                       sfr13        00000
__Lsfr14                                       sfr14        00000
__Lsfr15                                       sfr15        00000
__Lsfr16                                       sfr16        00000
__Lsfr17                                       sfr17        00000
__Lsfr18                                       sfr18        00000
__Lsfr19                                       sfr19        00000
__Lsfr2                                        sfr2         00000
__Lsfr20                                       sfr20        00000
__Lsfr21                                       sfr21        00000
__Lsfr22                                       sfr22        00000
__Lsfr23                                       sfr23        00000
__Lsfr24                                       sfr24        00000
__Lsfr25                                       sfr25        00000
__Lsfr26                                       sfr26        00000
__Lsfr27                                       sfr27        00000
__Lsfr28                                       sfr28        00000
__Lsfr29                                       sfr29        00000
__Lsfr3                                        sfr3         00000
__Lsfr30                                       sfr30        00000
__Lsfr31                                       sfr31        00000
__Lsfr4                                        sfr4         00000
__Lsfr5                                        sfr5         00000
__Lsfr6                                        sfr6         00000
__Lsfr7                                        sfr7         00000
__Lsfr8                                        sfr8         00000
__Lsfr9                                        sfr9         00000
__Lspace_0                                     (abs)        00000
__Lspace_1                                     (abs)        00000
__Lspace_2                                     (abs)        00000
__Lspace_3                                     (abs)        00000
__Lspace_4                                     (abs)        00000
__Lstack                                       stack        00000
__Lstrings                                     strings      00000
__Lstringtext1                                 stringtext1  00000
__Lstringtext2                                 stringtext2  00000
__Lstringtext3                                 stringtext3  00000
__Lstringtext4                                 stringtext4  00000
__Lstringtext5                                 stringtext5  00000
__Ltext                                        text         00000
__S0                                           (abs)        0065B
__S1                                           (abs)        00140
___heap_hi                                     (abs)        00000
___heap_lo                                     (abs)        00000
___int_sp                                      stack        00000
___latbits                                     (abs)        00003
___lodiv                                       text11       00263
___lodiv@counter                               cstackBANK0  00038
___lodiv@dividend                              cstackBANK0  00028
___lodiv@divisor                               cstackBANK0  00020
___lodiv@quotient                              cstackBANK0  00030
___lomod                                       text10       002E7
___lomod@counter                               cstackCOMMON 00075
___lomod@dividend                              cstackBANK0  00028
___lomod@divisor                               cstackBANK0  00020
___sp                                          stack        00000
___stackhi                                     (abs)        00000
___stacklo                                     (abs)        00000
__end_of_CCP1_CaptureISR                       text40       005B5
__end_of_CCP1_DefaultCallBack                  text41       0065B
__end_of_CCP1_Initialize                       text26       00591
__end_of_CCP1_SetCallBack                      text27       0063D
__end_of_CCP2_CaptureISR                       text37       005A3
__end_of_CCP2_DefaultCallBack                  text38       0065A
__end_of_CCP2_Initialize                       text24       0057F
__end_of_CCP2_SetCallBack                      text25       00637
__end_of_EUSART_DefaultErrorHandler            text35       00655
__end_of_EUSART_DefaultFramingErrorHandler     text34       00659
__end_of_EUSART_DefaultOverrunErrorHandler     text33       00651
__end_of_EUSART_Initialize                     text18       003D9
__end_of_EUSART_Receive_ISR                    text32       0044E
__end_of_EUSART_RxDataHandler                  text36       0053F
__end_of_EUSART_SetErrorHandler                text23       00631
__end_of_EUSART_SetFramingErrorHandler         text22       0062B
__end_of_EUSART_SetOverrunErrorHandler         text21       00625
__end_of_EUSART_SetRxInterruptHandler          text20       0061F
__end_of_EUSART_SetTxInterruptHandler          text19       00619
__end_of_EUSART_Transmit_ISR                   text31       004F2
__end_of_EUSART_Write                          text9        004AB
__end_of_Falling_interrupt                     text39       0056D
__end_of_INTERRUPT_InterruptManager            intentry     0004A
__end_of_OSCILLATOR_Initialize                 text17       005DF
__end_of_PIN_MANAGER_Initialize                text16       00415
__end_of_PWM11_DutyCycleSet                    text29       00643
__end_of_PWM11_Initialize                      text15       00556
__end_of_PWM11_LoadBufferSet                   text28       00658
__end_of_Rising_interrupt                      text42       00649
__end_of_SYSTEM_Initialize                     text12       00527
__end_of_TMR1_Initialize                       text14       005C5
__end_of_WDT_Initialize                        text13       0064D
__end_of___lodiv                               text11       002E7
__end_of___lomod                               text10       00358
__end_of__initialization                       cinit        00063
__end_of_fputc                                 text7        0039B
__end_of_fputs                                 text6        004D0
__end_of_main                                  maintext     00263
__end_of_pad                                   text5        00483
__end_of_printf                                text1        005D3
__end_of_putch                                 text8        0060D
__end_of_utoa                                  text4        00132
__end_of_vfpfcnvrt                             text3        001D4
__end_of_vfprintf                              text2        0050E
__initialization                               cinit        0004C
__pbssBANK0                                    bssBANK0     0006E
__pbssBANK1                                    bssBANK1     000A0
__pbssBANK2                                    bssBANK2     00120
__pbssCOMMON                                   bssCOMMON    00076
__pcstackBANK0                                 cstackBANK0  00020
__pcstackBANK1                                 cstackBANK1  000D4
__pcstackCOMMON                                cstackCOMMON 00070
__pintentry                                    intentry     00004
__pmaintext                                    maintext     001D4
__pstringtext1                                 stringtext1  005DF
__pstringtext2                                 stringtext2  005EA
__pstringtext3                                 stringtext3  005F4
__pstringtext4                                 stringtext4  005FD
__pstringtext5                                 stringtext5  00000
__ptext1                                       text1        005C5
__ptext10                                      text10       002E7
__ptext11                                      text11       00263
__ptext12                                      text12       0050E
__ptext13                                      text13       00649
__ptext14                                      text14       005B5
__ptext15                                      text15       0053F
__ptext16                                      text16       003D9
__ptext17                                      text17       005D3
__ptext18                                      text18       0039B
__ptext19                                      text19       00613
__ptext2                                       text2        004F2
__ptext20                                      text20       00619
__ptext21                                      text21       0061F
__ptext22                                      text22       00625
__ptext23                                      text23       0062B
__ptext24                                      text24       0056D
__ptext25                                      text25       00631
__ptext26                                      text26       0057F
__ptext27                                      text27       00637
__ptext28                                      text28       00655
__ptext29                                      text29       0063D
__ptext3                                       text3        00132
__ptext31                                      text31       004D0
__ptext32                                      text32       00415
__ptext33                                      text33       0064D
__ptext34                                      text34       00658
__ptext35                                      text35       00651
__ptext36                                      text36       00527
__ptext37                                      text37       00591
__ptext38                                      text38       00659
__ptext39                                      text39       00556
__ptext4                                       text4        00067
__ptext40                                      text40       005A3
__ptext41                                      text41       0065A
__ptext42                                      text42       00643
__ptext5                                       text5        0044E
__ptext6                                       text6        004AB
__ptext7                                       text7        00358
__ptext8                                       text8        00606
__ptext9                                       text9        00483
_dbuf                                          bssBANK2     00120
_eusartRxBuffer                                bssBANK1     000A8
_eusartRxCount                                 bssBANK0     0006E
_eusartRxHead                                  bssCOMMON    00077
_eusartRxLastError                             bssBANK1     000D3
_eusartRxStatusBuffer                          bssBANK1     000A0
_eusartRxTail                                  bssCOMMON    00076
_eusartTxBuffer                                bssBANK1     000B0
_eusartTxBufferRemaining                       bssBANK0     0006F
_eusartTxHead                                  bssCOMMON    00079
_eusartTxTail                                  bssCOMMON    00078
_flags                                         bssBANK1     000D2
_fputc                                         text7        00358
_fputs                                         text6        004AB
_g_falling_value                               bssBANK1     000C2
_g_pulse_width                                 bssBANK1     000C0
_g_rising_value                                bssBANK1     000C4
_main                                          maintext     001D4
_pad                                           text5        0044E
_prec                                          bssBANK1     000BA
_printf                                        text1        005C5
_putch                                         text8        00606
_timer1ReloadVal                               bssBANK1     000C6
_utoa                                          text4        00067
_vfpfcnvrt                                     text3        00132
_vfprintf                                      text2        004F2
_width                                         bssBANK1     000B8
btemp                                          (abs)        0007E
clear_ram0                                     clrtext      0060D
end_of_initialization                          cinit        00063
fputc@c                                        cstackBANK0  00021
fputc@fp                                       cstackBANK0  00023
fputs@c                                        cstackBANK0  0002D
fputs@fp                                       cstackBANK0  00029
fputs@i                                        cstackBANK0  0002E
fputs@s                                        cstackBANK0  0002C
int$flags                                      (abs)        0007E
intlevel0                                      functab      00000
intlevel1                                      functab      00000
intlevel2                                      functab      00000
intlevel3                                      functab      00000
intlevel4                                      functab      00000
intlevel5                                      functab      00000
main@duty                                      cstackBANK1  000D6
main@flag                                      cstackBANK1  000D4
pad@buf                                        cstackBANK0  00030
pad@fp                                         cstackBANK0  00038
pad@i                                          cstackBANK0  00034
pad@p                                          cstackBANK0  00031
pad@w                                          cstackBANK0  00036
printf@ap                                      cstackBANK0  0006D
printf@fmt                                     cstackBANK0  00069
putch@data                                     cstackBANK0  00020
reset_vec                                      reset_vec    00000
start                                          init         0004A
start_initialization                           cinit        0004C
utoa@d                                         cstackBANK0  00039
utoa@fp                                        cstackBANK0  00044
utoa@i                                         cstackBANK0  0004F
utoa@n                                         cstackBANK0  00047
utoa@p                                         cstackBANK0  00045
utoa@w                                         cstackBANK0  00042
vfpfcnvrt@ap                                   cstackBANK0  00052
vfpfcnvrt@convarg                              cstackBANK0  00057
vfpfcnvrt@cp                                   cstackBANK0  00060
vfpfcnvrt@fmt                                  cstackBANK0  00051
vfpfcnvrt@fp                                   cstackBANK0  0005F
vfprintf@ap                                    cstackBANK0  00064
vfprintf@cfmt                                  cstackBANK0  00067
vfprintf@fmt                                   cstackBANK0  00062
vfprintf@fp                                    cstackBANK0  00066
wtemp0                                         (abs)        0007E


MODULE INFORMATION

Module		Function		Class		Link	Load	Size
mcc_generated_files/ccp1.c
		_CCP1_SetCallBack		CODE           	0637	0000	6
		_CCP1_CaptureISR		CODE           	05A3	0000	18
		_CCP1_DefaultCallBack		CODE           	065A	0000	1
		_CCP1_Initialize		CODE           	057F	0000	18

mcc_generated_files/ccp1.c estimated size: 43

D:\Program Files\Microchip\xc8\v2.40\pic\sources\c99\common\lodiv.c
		___lodiv       		CODE           	0263	0000	132

D:\Program Files\Microchip\xc8\v2.40\pic\sources\c99\common\lodiv.c estimated size: 132

mcc_generated_files/interrupt_manager.c
		_INTERRUPT_InterruptManager		CODE           	0004	0000	70

mcc_generated_files/interrupt_manager.c estimated size: 70

D:\Program Files\Microchip\xc8\v2.40\pic\sources\c99\common\printf.c
		_printf        		CODE           	05C5	0000	14

D:\Program Files\Microchip\xc8\v2.40\pic\sources\c99\common\printf.c estimated size: 14

D:\Program Files\Microchip\xc8\v2.40\pic\sources\c99\common\nf_fputs.c
		_fputs         		CODE           	04AB	0000	37

D:\Program Files\Microchip\xc8\v2.40\pic\sources\c99\common\nf_fputs.c estimated size: 37

mcc_generated_files/pwm11.c
		_PWM11_DutyCycleSet		CODE           	063D	0000	6
		_PWM11_Initialize		CODE           	053F	0000	23
		_PWM11_LoadBufferSet		CODE           	0655	0000	3

mcc_generated_files/pwm11.c estimated size: 32

mcc_generated_files/pin_manager.c
		_PIN_MANAGER_Initialize		CODE           	03D9	0000	60

mcc_generated_files/pin_manager.c estimated size: 60

mcc_generated_files/ccp2.c
		_CCP2_SetCallBack		CODE           	0631	0000	6
		_CCP2_CaptureISR		CODE           	0591	0000	18
		_CCP2_DefaultCallBack		CODE           	0659	0000	1
		_CCP2_Initialize		CODE           	056D	0000	18

mcc_generated_files/ccp2.c estimated size: 43

D:\Program Files\Microchip\xc8\v2.40\pic\sources\c99\common\doprnt.c
		_vfpfcnvrt     		CODE           	0132	0000	162
		_pad           		CODE           	044E	0000	53
		_vfprintf      		CODE           	04F2	0000	28
		_utoa          		CODE           	0067	0000	203

D:\Program Files\Microchip\xc8\v2.40\pic\sources\c99\common\doprnt.c estimated size: 446

shared
		__initialization		CODE           	004C	0000	23

shared estimated size: 23

D:\Program Files\Microchip\xc8\v2.40\pic\sources\c99\common\nf_fputc.c
		_fputc         		CODE           	0358	0000	67

D:\Program Files\Microchip\xc8\v2.40\pic\sources\c99\common\nf_fputc.c estimated size: 67

mcc_generated_files/mcc.c
		_WDT_Initialize		CODE           	0649	0000	4
		_OSCILLATOR_Initialize		CODE           	05D3	0000	12
		_SYSTEM_Initialize		CODE           	050E	0000	25

mcc_generated_files/mcc.c estimated size: 41

mcc_generated_files/tmr1.c
		_TMR1_Initialize		CODE           	05B5	0000	16

mcc_generated_files/tmr1.c estimated size: 16

D:\Program Files\Microchip\xc8\v2.40\pic\sources\c99\common\lomod.c
		___lomod       		CODE           	02E7	0000	113

D:\Program Files\Microchip\xc8\v2.40\pic\sources\c99\common\lomod.c estimated size: 113

mcc_generated_files/eusart.c
		_EUSART_SetRxInterruptHandler		CODE           	0619	0000	6
		_EUSART_SetTxInterruptHandler		CODE           	0613	0000	6
		_EUSART_DefaultOverrunErrorHandler		CODE           	064D	0000	4
		_EUSART_Write  		CODE           	0483	0000	40
		_EUSART_DefaultErrorHandler		CODE           	0651	0000	4
		_EUSART_Transmit_ISR		CODE           	04D0	0000	34
		_EUSART_Initialize		CODE           	039B	0000	62
		_EUSART_SetFramingErrorHandler		CODE           	0625	0000	6
		_EUSART_SetErrorHandler		CODE           	062B	0000	6
		_EUSART_SetOverrunErrorHandler		CODE           	061F	0000	6
		_EUSART_Receive_ISR		CODE           	0415	0000	57
		_EUSART_RxDataHandler		CODE           	0527	0000	24
		_EUSART_DefaultFramingErrorHandler		CODE           	0658	0000	1

mcc_generated_files/eusart.c estimated size: 256

main.c
		_Falling_interrupt		CODE           	0556	0000	23
		_Rising_interrupt		CODE           	0643	0000	6
		_putch         		CODE           	0606	0000	7
		_main          		CODE           	01D4	0000	143

main.c estimated size: 179

